{"jsonrpc":"2.0","id":"init","result":{"protocolVersion":"2025-11-25","capabilities":{"tools":{}},"serverInfo":{"name":"mcp-file-tools","version":"dev"},"instructions":"Code mode: max_output_tokens=10000; emit content[0].text for navigation/errors, cwd_id for successful set_cwd; never stringify CallToolResult."}}
{{TOOLS_LIST}}
{"jsonrpc":"2.0","id":3,"result":{}}
{"jsonrpc":"2.0","id":4,"result":{"content":[],"structuredContent":{"cwd_id":7}}}
{"jsonrpc":"2.0","id":5,"result":{"content":[{"type":"text","text":"PROJECT\tstatus=ok\n"}]}}
{"jsonrpc":"2.0","id":6,"result":{"content":[{"type":"text","text":"SEARCH\tstatus=partial\tcursor=next\nDATA\tone\n"}]}}
{"jsonrpc":"2.0","id":7,"result":{"content":[{"type":"text","text":"READ\tstatus=ok\titems=2\nITEM\t0\tok\nERROR\titem=1\tunreadable\n"}]}}
